[
    {
        "roleId":1,
        "roleName":"Admin"
    }
]